../Core/Src/motor_control/motor.c:19:6:motor_init	8	static
../Core/Src/motor_control/motor.c:38:6:motor_start_pwm	8	static
../Core/Src/motor_control/motor.c:47:6:motor_stop_pwm	8	static
../Core/Src/motor_control/motor.c:56:6:motor_set_PWM	16	static
../Core/Src/motor_control/motor.c:65:6:motor_ramp_task	16	static
../Core/Src/motor_control/motor.c:89:5:cmd_motor_start	32	static
../Core/Src/motor_control/motor.c:97:5:cmd_motor_stop	32	static
../Core/Src/motor_control/motor.c:105:5:cmd_motor_speed	40	static
